C51 COMPILER V9.56.0.0   TIME                                                              12/15/2018 17:13:58 PAGE 1   


C51 COMPILER V9.56.0.0, COMPILATION OF MODULE TIME
OBJECT MODULE PLACED IN .\Objects\time.obj
COMPILER INVOKED BY: D:\Program Files\MDK\C51\BIN\C51.EXE time.c OPTIMIZE(8,SPEED) BROWSE INCDIR(..\STC8051_DetectionSys
                    -tem) DEBUG OBJECTEXTEND PRINT(.\Listings\time.lst) TABS(2) OBJECT(.\Objects\time.obj)

line level    source

   1          #include "reg51.h"
   2          #include "time.h"
   3          #include "intrins.h"
   4          
   5          static void Delay1ms();   //@24.000MHz
   6          
   7          void delay_ms(unsigned int x)
   8          {
   9   1        unsigned int i;
  10   1        
  11   1        for(i=0;i<x;i++)
  12   1          Delay1ms();
  13   1      }
  14          
  15          void delay_us(unsigned int x)
  16          {
  17   1        unsigned int i;
  18   1        
  19   1        for(i=0;i<x;i++)
  20   1        {
  21   2          _nop_();
  22   2          _nop_();
  23   2        }
  24   1      }
  25          
  26          
  27          void Delay1ms()   //@24.000MHz
  28          {
  29   1        unsigned char i, j;
  30   1      
  31   1        i = 4;
  32   1        j = 225;
  33   1        do
  34   1        {
  35   2          while (--j);
  36   2        } while (--i);
  37   1      }


MODULE INFORMATION:   STATIC OVERLAYABLE
   CODE SIZE        =     63    ----
   CONSTANT SIZE    =   ----    ----
   XDATA SIZE       =   ----    ----
   PDATA SIZE       =   ----    ----
   DATA SIZE        =   ----       4
   IDATA SIZE       =   ----    ----
   BIT SIZE         =   ----    ----
END OF MODULE INFORMATION.


C51 COMPILATION COMPLETE.  0 WARNING(S),  0 ERROR(S)
